>>> add_integer(1, 2)
3
>>> add_integer(100, -2)
98
>>> add_integer(2)
100
>>> add_integer(100.3, -2)
98
>>> add_integer(4, "School")
Traceback (most recent call last):
    ...
TypeError: b must be an integer
>>> add_integer(None)
Traceback (most recent call last):
    ...
TypeError: a must be an integer
>>> add_integer(1.5, 2.5)
3
>>> add_integer(1.5)
99
>>> add_integer(float('inf'), 1)
Traceback (most recent call last):
    ...
OverflowError: cannot convert float infinity to integer
>>> add_integer(float('NaN'), 1)
Traceback (most recent call last):
    ...
ValueError: cannot convert float NaN to integer
