>>> from 100-matrix_mul import matrix_mul
>>> matrix_mul([[1, 2], [3, 4]], [[1, 2], [3, 4]])
[[7, 10], [15, 22]]
>>> matrix_mul([[1, 2]], [[3, 4], [5, 6]])
[[13, 16]]
>>> matrix_mul([[1, 2, 3]], [[4], [5], [6]])
[[32]]
>>> matrix_mul([[1]], [[2]])
[[2]]
>>> matrix_mul([[1, 2]], [[3, 4]])
Traceback (most recent call last):
    ...
ValueError: m_a and m_b can't be multiplied
>>> matrix_mul([], [[1, 2]])
Traceback (most recent call last):
    ...
ValueError: m_a can't be empty
>>> matrix_mul([[1, 2]], [])
Traceback (most recent call last):
    ...
ValueError: m_b can't be empty
>>> matrix_mul([[1, "2"]], [[3, 4]])
Traceback (most recent call last):
    ...
TypeError: m_a should contain only integers or floats
>>> matrix_mul([[1, 2], [3]], [[3, 4], [5, 6]])
Traceback (most recent call last):
    ...
TypeError: each row of m_a must be of the same size
>>> matrix_mul([[1, 2]], "not a list")
Traceback (most recent call last):
    ...
TypeError: m_b must be a list
>>> matrix_mul("not a list", [[1, 2]])
Traceback (most recent call last):
    ...
TypeError: m_a must be a list
