>>> from 2-matrix_divided import matrix_divided
>>> matrix = [[1, 2, 3], [4, 5, 6]]
>>> matrix_divided(matrix, 3)
[[0.33, 0.67, 1.0], [1.33, 1.67, 2.0]]
>>> matrix
[[1, 2, 3], [4, 5, 6]]
>>> matrix_divided([[10, 20], [30, 40]], 10)
[[1.0, 2.0], [3.0, 4.0]]
>>> matrix_divided([[1.2, 2.5], [3.8, 4.1]], 2)
[[0.6, 1.25], [1.9, 2.05]]
>>> matrix_divided([[1, 2], [3, 4, 5]], 2)
Traceback (most recent call last):
    ...
TypeError: Each row of the matrix must have the same size
>>> matrix_divided(3, 2)
Traceback (most recent call last):
    ...
TypeError: matrix must be a matrix (list of lists) of integers/floats
>>> matrix_divided([[1, 2], [3, 4]], "2")
Traceback (most recent call last):
    ...
TypeError: div must be a number
>>> matrix_divided([[1, 2], [3, 4]], 0)
Traceback (most recent call last):
    ...
ZeroDivisionError: division by zero
>>> matrix_divided([[1, "2"], [3, 4]], 2)
Traceback (most recent call last):
    ...
TypeError: matrix must be a matrix (list of lists) of integers/floats
