>>> from 3-say_my_name import say_my_name
>>> say_my_name("John", "Smith")
My name is John Smith
>>> say_my_name("Walter", "White")
My name is Walter White
>>> say_my_name("Bob")
My name is Bob 
>>> say_my_name(12, "White")
Traceback (most recent call last):
    ...
TypeError: first_name must be a string
>>> say_my_name("Alice", 123)
Traceback (most recent call last):
    ...
TypeError: last_name must be a string
>>> say_my_name("Jane", "")
My name is Jane 
>>> say_my_name()
Traceback (most recent call last):
    ...
TypeError: say_my_name() missing 1 required positional argument: 'first_name'
